// Jest Snapshot v1, https://goo.gl/fbAQLP

exports[`[aria] attribute autocomplete should autocomplete [aria-dropeffect] 1`] = `
Array [
  Object {
    "label": "copy",
  },
  Object {
    "label": "move",
  },
  Object {
    "label": "link",
  },
  Object {
    "label": "execute",
  },
  Object {
    "label": "popup",
  },
  Object {
    "label": "none",
  },
]
`;

exports[`[role] attribute autocomplete should autocomplete role for [button] tag 1`] = `
Array [
  Object {
    "label": "button",
  },
]
`;
